==========================================
 BRANCHING
==========================================

$ git branch GitNewBranch

$ git branch -a
  GitNewBranch
* master

$ git checkout GitNewBranch
Switched to branch 'GitNewBranch'
$ echo "..." > feature.js && echo "..." > feature.txt

$ git add .

$ git commit -m "Add feature.js and feature.txt on GitNewBranch"
[GitNewBranch 3cd37a0] Add feature.js and feature.txt on GitNewBranch
 2 files changed, 3 insertions(+)
 create mode 100644 feature.js
 create mode 100644 feature.txt

$ git status
On branch GitNewBranch
nothing to commit, working tree clean

==========================================
 MERGING
==========================================

$ git checkout master
Switched to branch 'master'

$ echo "..." >> README.md

$ git diff master GitNewBranch
diff --git a/README.md b/README.md
index da3ae20..49a31eb 100644
--- a/README.md
+++ b/README.md
@@ -1,5 +1,3 @@
 # Branching and Merging Lab
 
 This repository is used to demonstrate Git branching and merging.
-
-This line was added directly on master to simulate parallel work.
diff --git a/feature.js b/feature.js
new file mode 100644
index 0000000..0821a57
--- /dev/null
+++ b/feature.js
@@ -0,0 +1 @@
+console.log('This is a new feature added in GitNewBranch');
diff --git a/feature.txt b/feature.txt
new file mode 100644
index 0000000..dd94e04
--- /dev/null
+++ b/feature.txt
@@ -0,0 +1,2 @@
+This file was added while working on GitNewBranch.
+It demonstrates a change made in a feature branch before merging.

$ git merge GitNewBranch --no-ff -m "Merge GitNewBranch into master"
Merge made by the 'ort' strategy.
 feature.js  | 1 +
 feature.txt | 2 ++
 2 files changed, 3 insertions(+)
 create mode 100644 feature.js
 create mode 100644 feature.txt

$ git log --oneline --graph --decorate --all
*   d05b410 (HEAD -> master) Merge GitNewBranch into master
|\  
| * 3cd37a0 (GitNewBranch) Add feature.js and feature.txt on GitNewBranch
* | cc416d6 Update README on master
|/  
* c497685 Initial commit on master

$ git branch -d GitNewBranch
Deleted branch GitNewBranch (was 3cd37a0).

$ git status
On branch master
nothing to commit, working tree clean

$ git branch -a
* master
